<?xml version="1.0"?>
<project xsi:schemaLocation="http://maven.apache.org/POM/4.0.0 https://maven.apache.org/xsd/maven-4.0.0.xsd" xmlns="http://maven.apache.org/POM/4.0.0"
    xmlns:xsi="http://www.w3.org/2001/XMLSchema-instance">
  <modelVersion>4.0.0</modelVersion>
  <groupId>org.test</groupId>
  <artifactId>test-codestart</artifactId>
  <version>1.0.0-codestart</version>
  <properties>
    <compiler-plugin.version>3.8.1-MOCK</compiler-plugin.version>
    <maven.compiler.parameters>true</maven.compiler.parameters>
    <maven.compiler.source>11</maven.compiler.source>
    <maven.compiler.target>11</maven.compiler.target>
    <project.build.sourceEncoding>UTF-8</project.build.sourceEncoding>
    <project.reporting.outputEncoding>UTF-8</project.reporting.outputEncoding>
    <quarkus.platform.artifact-id>quarkus-mock-bom</quarkus.platform.artifact-id>
    <quarkus.platform.group-id>io.quarkus</quarkus.platform.group-id>
    <quarkus.platform.version>999-MOCK</quarkus.platform.version>
    <surefire-plugin.version>3.0.0-MOCK</surefire-plugin.version>
  </properties>
  <dependencyManagement>
    <dependencies>
      <dependency>
        <groupId>${quarkus.platform.group-id}</groupId>
        <artifactId>${quarkus.platform.artifact-id}</artifactId>
        <version>${quarkus.platform.version}</version>
        <type>pom</type>
        <scope>import</scope>
      </dependency>
    </dependencies>
  </dependencyManagement>
  <dependencies>
    <dependency>
      <groupId>io.quarkus</groupId>
      <artifactId>quarkus-resteasy</artifactId>
    </dependency>
    <dependency>
      <groupId>commons-io</groupId>
      <artifactId>commons-io</artifactId>
      <version>2.5</version>
    </dependency>
    <dependency>
      <groupId>io.quarkus</groupId>
      <artifactId>quarkus-arc</artifactId>
    </dependency>
    <dependency>
      <groupId>io.quarkus</groupId>
      <artifactId>quarkus-junit5</artifactId>
      <scope>test</scope>
    </dependency>
    <dependency>
      <groupId>io.rest-assured</groupId>
      <artifactId>rest-assured</artifactId>
      <scope>test</scope>
    </dependency>
  </dependencies>
  <build>
    <plugins>
      <plugin>
        <groupId>${quarkus.platform.group-id}</groupId>
        <artifactId>quarkus-mock-maven-plugin</artifactId>
        <version>${quarkus.platform.version}</version>
        <extensions>true</extensions>
        <executions>
          <execution>
            <goals>
              <goal>build</goal>
              <goal>generate-code</goal>
              <goal>generate-code-tests</goal>
            </goals>
          </execution>
        </executions>
      </plugin>
      <plugin>
        <artifactId>maven-compiler-plugin</artifactId>
        <version>${compiler-plugin.version}</version>
        <configuration>
          <parameters>${maven.compiler.parameters}</parameters>
        </configuration>
      </plugin>
      <plugin>
        <artifactId>maven-surefire-plugin</artifactId>
        <version>${surefire-plugin.version}</version>
        <configuration>
          <systemPropertyVariables>
            <java.util.logging.manager>org.jboss.logmanager.LogManager</java.util.logging.manager>
            <maven.home>${maven.home}</maven.home>
          </systemPropertyVariables>
        </configuration>
      </plugin>
    </plugins>
  </build>
  <profiles>
    <profile>
      <id>native</id>
      <activation>
        <property>
          <name>native</name>
        </property>
      </activation>
      <build>
        <plugins>
          <plugin>
            <artifactId>maven-failsafe-plugin</artifactId>
            <version>${surefire-plugin.version}</version>
            <executions>
              <execution>
                <goals>
                  <goal>integration-test</goal>
                  <goal>verify</goal>
                </goals>
                <configuration>
                  <systemPropertyVariables>
                    <native.image.path>${project.build.directory}/${project.build.finalName}-runner</native.image.path>
                    <java.util.logging.manager>org.jboss.logmanager.LogManager</java.util.logging.manager>
                    <maven.home>${maven.home}</maven.home>
                  </systemPropertyVariables>
                </configuration>
              </execution>
            </executions>
          </plugin>
        </plugins>
      </build>
      <properties>
        <quarkus.package.type>native</quarkus.package.type>
      </properties>
    </profile>
  </profiles>
</project>
