name: My Ext
#description: Do something useful.
metadata:
#  keywords:
#    - my-ext
#  guide: ... # To create and publish this guide, see https://github.com/quarkiverse/quarkiverse/wiki#documenting-your-extension
#  categories:
#    - "miscellaneous"
#  status: "preview"
