<?xml version="1.0" encoding="UTF-8"?>
<project xsi:schemaLocation="http://maven.apache.org/POM/4.0.0 https://maven.apache.org/xsd/maven-4.0.0.xsd" xmlns="http://maven.apache.org/POM/4.0.0"
    xmlns:xsi="http://www.w3.org/2001/XMLSchema-instance">
  <modelVersion>4.0.0</modelVersion>
  <parent>
    <groupId>org.acme</groupId>
    <artifactId>extensions-parent</artifactId>
    <version>0.1-SNAPSHOT</version>
  </parent>
  <artifactId>quarkus-my-ext-parent</artifactId>
  <packaging>pom</packaging>
  <name>Quarkus - My Ext - Parent</name>
  <modules>
    <module>deployment</module>
    <module>runtime</module>
  </modules>
</project>
