<?xml version="1.0" encoding="UTF-8"?>
<project xmlns="http://maven.apache.org/POM/4.0.0" xmlns:xsi="http://www.w3.org/2001/XMLSchema-instance" xsi:schemaLocation="http://maven.apache.org/POM/4.0.0 https://maven.apache.org/xsd/maven-4.0.0.xsd">
    <modelVersion>4.0.0</modelVersion>
    <groupId>io.standalone</groupId>
    <artifactId>my-org-my-own-ext-parent</artifactId>
    <version>1.0.0-SNAPSHOT</version>
    <packaging>pom</packaging>
    <name>My Org - My Own Ext - Parent</name>

    <modules>
        <module>deployment</module>
        <module>runtime</module>
    </modules>

    <properties>
        <compiler-plugin.version>3.13.0</compiler-plugin.version>
        <failsafe-plugin.version>${surefire-plugin.version}</failsafe-plugin.version>
        <maven.compiler.release>17</maven.compiler.release>
        <project.build.sourceEncoding>UTF-8</project.build.sourceEncoding>
        <project.reporting.outputEncoding>UTF-8</project.reporting.outputEncoding>
        <quarkus.version>3.14.0</quarkus.version>
        <surefire-plugin.version>3.5.2</surefire-plugin.version>
    </properties>

    <dependencyManagement>
        <dependencies>
            <dependency>
                <groupId>io.quarkus</groupId>
                <artifactId>quarkus-bom</artifactId>
                <version>${quarkus.version}</version>
                <type>pom</type>
                <scope>import</scope>
            </dependency>
        </dependencies>
    </dependencyManagement>

    <build>
        <pluginManagement>
            <plugins>
                <plugin>
                    <groupId>io.quarkus</groupId>
                    <artifactId>quarkus-maven-plugin</artifactId>
                    <version>${quarkus.version}</version>
                </plugin>
                <plugin>
                    <artifactId>maven-surefire-plugin</artifactId>
                    <version>${surefire-plugin.version}</version>
                    <configuration>
                        <systemPropertyVariables>
                            <java.util.logging.manager>org.jboss.logmanager.LogManager</java.util.logging.manager>
                            <maven.home>${maven.home}</maven.home>
                            <maven.repo>${settings.localRepository}</maven.repo>
                        </systemPropertyVariables>
                    </configuration>
                </plugin>
                <plugin>
                    <artifactId>maven-failsafe-plugin</artifactId>
                    <version>${failsafe-plugin.version}</version>
                    <configuration>
                        <systemPropertyVariables>
                            <java.util.logging.manager>org.jboss.logmanager.LogManager</java.util.logging.manager>
                            <maven.home>${maven.home}</maven.home>
                            <maven.repo>${settings.localRepository}</maven.repo>
                        </systemPropertyVariables>
                    </configuration>
                </plugin>
                <plugin>
                    <artifactId>maven-compiler-plugin</artifactId>
                    <version>${compiler-plugin.version}</version>
                    <configuration>
                        <parameters>true</parameters>
                    </configuration>
                </plugin>
            </plugins>
        </pluginManagement>
    </build>
</project>
