<?xml version="1.0" encoding="UTF-8"?>
<project xmlns="http://maven.apache.org/POM/4.0.0" xmlns:xsi="http://www.w3.org/2001/XMLSchema-instance" xsi:schemaLocation="http://maven.apache.org/POM/4.0.0 https://maven.apache.org/xsd/maven-4.0.0.xsd">
    <modelVersion>4.0.0</modelVersion>

    <parent>
        <groupId>io.standalone</groupId>
        <artifactId>my-org-my-own-ext-parent</artifactId>
        <version>1.0.0-SNAPSHOT</version>
    </parent>
    <artifactId>my-org-my-own-ext</artifactId>
    <name>My Org - My Own Ext - Runtime</name>

    <dependencies>
        <dependency>
            <groupId>io.quarkus</groupId>
            <artifactId>quarkus-arc</artifactId>
        </dependency>
    </dependencies>

    <build>
        <plugins>
            <plugin>
                <groupId>io.quarkus</groupId>
                <artifactId>quarkus-extension-maven-plugin</artifactId>
                <version>${quarkus.version}</version>
                <executions>
                    <execution>
                        <phase>compile</phase>
                        <goals>
                            <goal>extension-descriptor</goal>
                        </goals>
                        <configuration>
                            <deployment>${project.groupId}:${project.artifactId}-deployment:${project.version}</deployment>
                        </configuration>
                    </execution>
                </executions>
            </plugin>
            <plugin>
                <artifactId>maven-compiler-plugin</artifactId>
                <executions>
                    <execution>
                        <id>default-compile</id>
                        <configuration>
                            <annotationProcessorPaths>
                                <path>
                                    <groupId>io.quarkus</groupId>
                                    <artifactId>quarkus-extension-processor</artifactId>
                                    <version>${quarkus.version}</version>
                                </path>
                            </annotationProcessorPaths>
                        </configuration>
                    </execution>
                </executions>
            </plugin>
        </plugins>
    </build>
</project>
