<?xml version="1.0" encoding="UTF-8"?>
<project xmlns:xsi="http://www.w3.org/2001/XMLSchema-instance" xmlns="http://maven.apache.org/POM/4.0.0"
         xsi:schemaLocation="http://maven.apache.org/POM/4.0.0 https://maven.apache.org/xsd/maven-4.0.0.xsd">
    <modelVersion>4.0.0</modelVersion>
    <parent>
        <groupId>org.acme</groupId>
        <artifactId>grand-parent</artifactId>
        <version>0.1-SNAPSHOT</version>
        <relativePath>../pom.xml</relativePath>
    </parent>
    <artifactId>bom</artifactId>
    <packaging>pom</packaging>

    <dependencyManagement>
        <dependencies>
            <dependency>
                <groupId>org.acme</groupId>
                <artifactId>my-project-add-to-bom</artifactId>
                <version>${project.version}</version>
            </dependency>
            <dependency>
                <groupId>org.example</groupId>
                <artifactId>example-1</artifactId>
                <version>1.2.3</version>
            </dependency>
            <dependency>
                <groupId>org.acme</groupId>
                <artifactId>acme-add-to-bom</artifactId>
                <version>${acme.version}</version>
            </dependency>
            <dependency>
                <groupId>org.acme</groupId>
                <artifactId>my-project-add-to-bom-deployment</artifactId>
                <version>${project.version}</version>
            </dependency>
        </dependencies>
    </dependencyManagement>
</project>
