<?xml version="1.0" encoding="UTF-8"?>
<project xmlns="http://maven.apache.org/POM/4.0.0"
         xmlns:xsi="http://www.w3.org/2001/XMLSchema-instance"
         xsi:schemaLocation="http://maven.apache.org/POM/4.0.0 http://maven.apache.org/xsd/maven-4.0.0.xsd">
    <modelVersion>4.0.0</modelVersion>

    <groupId>org.acme</groupId>
    <artifactId>my-ext-parent</artifactId>
    <version>1.0-SNAPSHOT</version>
    <name>My Ext - Parent</name>

    <packaging>pom</packaging>
    <properties>
        <quarkus.version>999-SNAPSHOT</quarkus.version>
        <compiler-plugin.version>3.8.1</compiler-plugin.version>
    </properties>
    <modules>
        <module>deployment</module>
        <module>runtime</module>
    </modules>
    <dependencyManagement>
        <dependencies>
            <dependency>
                <groupId>io.quarkus</groupId>
                <artifactId>quarkus-bom-deployment</artifactId>
                <version>${quarkus.version}</version>
                <type>pom</type>
                <scope>import</scope>
            </dependency>
        </dependencies>
    </dependencyManagement>
    <build>
        <pluginManagement>
            <plugins>
                <plugin>
                    <groupId>org.apache.maven.plugins</groupId>
                    <artifactId>maven-compiler-plugin</artifactId>
                    <version>${compiler-plugin.version}</version>
                </plugin>
            </plugins>
        </pluginManagement>
    </build>
</project>
