<?xml version="1.0" encoding="UTF-8"?>
<project xmlns="http://maven.apache.org/POM/4.0.0"
         xmlns:xsi="http://www.w3.org/2001/XMLSchema-instance"
         xsi:schemaLocation="http://maven.apache.org/POM/4.0.0 https://maven.apache.org/xsd/maven-4.0.0.xsd">
    <modelVersion>4.0.0</modelVersion>
    <parent>
        <groupId>org.acme</groupId>
        <artifactId>integration-tests-parent</artifactId>
        <version>0.1-SNAPSHOT</version>
        <relativePath>../pom.xml</relativePath>
    </parent>

    <artifactId>my-project-itest-integration-test</artifactId>
    <name>Itest - Integration Test</name>

    <dependencies>
        <dependency>
            <groupId>io.quarkus</groupId>
            <artifactId>quarkus-resteasy</artifactId>
            <version>${quarkus.version}</version>
        </dependency>
        <dependency>
            <groupId>org.acme</groupId>
            <artifactId>my-project-itest</artifactId>
            <version>${project.version}</version>
        </dependency>

        <!-- test dependencies -->
        <dependency>
            <groupId>io.quarkus</groupId>
            <artifactId>quarkus-junit5</artifactId>
            <version>${quarkus.version}</version>
            <scope>test</scope>
        </dependency>
        <dependency>
            <groupId>io.rest-assured</groupId>
            <artifactId>rest-assured</artifactId>
            <version>${rest-assured.version}</version>
            <scope>test</scope>
        </dependency>
    </dependencies>

    <build>
        <plugins>
            <plugin>
                <groupId>io.quarkus</groupId>
                <artifactId>quarkus-maven-plugin</artifactId>
                <executions>
                    <execution>
                        <goals>
                            <goal>build</goal>
                        </goals>
                    </execution>
                </executions>
            </plugin>
        </plugins>
    </build>

    <profiles>
        <profile>
            <id>native-image</id>
            <activation>
                <property>
                    <name>native</name>
                </property>
            </activation>
            <build>
                <plugins>
                    <plugin>
                        <groupId>org.apache.maven.plugins</groupId>
                        <artifactId>maven-surefire-plugin</artifactId>
                        <configuration>
                            <skipTests>${native.surefire.skip}</skipTests>
                        </configuration>
                    </plugin>
                    <plugin>
                        <groupId>org.apache.maven.plugins</groupId>
                        <artifactId>maven-failsafe-plugin</artifactId>
                        <executions>
                            <execution>
                                <goals>
                                    <goal>integration-test</goal>
                                    <goal>verify</goal>
                                </goals>
                                <configuration>
                                    <systemPropertyVariables>
                                        <native.image.path>${project.build.directory}/${project.build.finalName}-runner</native.image.path>
                                        <java.util.logging.manager>org.jboss.logmanager.LogManager</java.util.logging.manager>
                                        <maven.home>${maven.home}</maven.home>
                                    </systemPropertyVariables>
                                </configuration>
                            </execution>
                        </executions>
                    </plugin>
                    <plugin>
                        <groupId>io.quarkus</groupId>
                        <artifactId>quarkus-maven-plugin</artifactId>
                        <executions>
                            <execution>
                                <id>native-image</id>
                                <goals>
                                    <goal>native-image</goal>
                                </goals>
                                <configuration>
                                    <reportErrorsAtRuntime>false</reportErrorsAtRuntime>
                                    <cleanupServer>true</cleanupServer>
                                    <enableHttpsUrlHandler>true</enableHttpsUrlHandler>
                                    <enableServer>false</enableServer>
                                    <dumpProxies>false</dumpProxies>
                                    <graalvmHome>${graalvmHome}</graalvmHome>
                                    <enableAllSecurityServices>true</enableAllSecurityServices>
                                    <enableReports>false</enableReports>
                                </configuration>
                            </execution>
                        </executions>
                    </plugin>
                </plugins>
            </build>
        </profile>
    </profiles>

</project>
