<?xml version="1.0" encoding="UTF-8"?>
<project xmlns="http://maven.apache.org/POM/4.0.0"
         xmlns:xsi="http://www.w3.org/2001/XMLSchema-instance"
         xsi:schemaLocation="http://maven.apache.org/POM/4.0.0 https://maven.apache.org/xsd/maven-4.0.0.xsd">
    <modelVersion>4.0.0</modelVersion>
    <parent>
        <groupId>org.acme</groupId>
        <artifactId>grand-parent</artifactId>
        <version>0.1-SNAPSHOT</version>
    </parent>

    <artifactId>my-project-minimal-extension-parent</artifactId>
    <name>Minimal Extension - Parent</name>

    <packaging>pom</packaging>

    <properties>
        <project.build.sourceEncoding>UTF-8</project.build.sourceEncoding>
        <project.reporting.outputEncoding>UTF-8</project.reporting.outputEncoding>
        <maven.compiler.source>1.8</maven.compiler.source>
        <maven.compiler.target>1.8</maven.compiler.target>
        <maven.compiler.parameters>true</maven.compiler.parameters>
    </properties>

    <modules>
        <module>deployment</module>
        <module>runtime</module>
    </modules>
</project>
