name: My Ext
#description: My Ext ...
metadata:
#  keywords:
#    - my-ext
#  guide: ...
#  categories:
#    - "miscellaneous"
#  status: "preview"