<?xml version="1.0" encoding="UTF-8"?>
<project xsi:schemaLocation="http://maven.apache.org/POM/4.0.0 https://maven.apache.org/xsd/maven-4.0.0.xsd" xmlns="http://maven.apache.org/POM/4.0.0"
    xmlns:xsi="http://www.w3.org/2001/XMLSchema-instance">
  <modelVersion>4.0.0</modelVersion>
  <parent>
    <groupId>io.quarkiverse</groupId>
    <artifactId>quarkiverse-parent</artifactId>
    <version>15</version>
  </parent>
  <groupId>io.quarkiverse.my-quarkiverse-ext</groupId>
  <artifactId>quarkus-my-quarkiverse-ext-parent</artifactId>
  <version>999-SNAPSHOT</version>
  <packaging>pom</packaging>
  <name>Quarkus My Quarkiverse extension - Parent</name>
  <modules>
    <module>deployment</module>
    <module>runtime</module>
    <module>docs</module>
  </modules>
  <scm>
    <connection>scm:git:git@github.com:quarkiverse/quarkus-my-quarkiverse-ext.git</connection>
    <developerConnection>scm:git:git@github.com:quarkiverse/quarkus-my-quarkiverse-ext.git</developerConnection>
    <url>https://github.com/quarkiverse/quarkus-my-quarkiverse-ext</url>
  </scm>
  <properties>
    <compiler-plugin.version>3.11.0</compiler-plugin.version>
    <maven.compiler.release>11</maven.compiler.release>
    <project.build.sourceEncoding>UTF-8</project.build.sourceEncoding>
    <project.reporting.outputEncoding>UTF-8</project.reporting.outputEncoding>
    <quarkus.version>2.10.5.Final</quarkus.version>
  </properties>
  <dependencyManagement>
    <dependencies>
      <dependency>
        <groupId>io.quarkus</groupId>
        <artifactId>quarkus-bom</artifactId>
        <version>${quarkus.version}</version>
        <type>pom</type>
        <scope>import</scope>
      </dependency>
    </dependencies>
  </dependencyManagement>
  <build>
    <pluginManagement>
      <plugins>
        <plugin>
          <groupId>io.quarkus</groupId>
          <artifactId>quarkus-maven-plugin</artifactId>
          <version>${quarkus.version}</version>
        </plugin>
        <plugin>
          <artifactId>maven-compiler-plugin</artifactId>
          <version>${compiler-plugin.version}</version>
          <configuration>
            <compilerArgs>
              <arg>-parameters</arg>
            </compilerArgs>
          </configuration>
        </plugin>
      </plugins>
    </pluginManagement>
  </build>
  <profiles>
    <profile>
      <id>it</id>
      <activation>
        <property>
          <name>performRelease</name>
          <value>!true</value>
        </property>
      </activation>
      <modules>
        <module>integration-tests</module>
      </modules>
    </profile>
  </profiles>
</project>
