name: quarkus-my-quarkiverse-ext
title: My Quarkiverse extension
version: dev
nav:
  - modules/ROOT/nav.adoc
