<?xml version="1.0" encoding="UTF-8"?>
<project xmlns="http://maven.apache.org/POM/4.0.0" xmlns:xsi="http://www.w3.org/2001/XMLSchema-instance" xsi:schemaLocation="http://maven.apache.org/POM/4.0.0 https://maven.apache.org/xsd/maven-4.0.0.xsd">
    <modelVersion>4.0.0</modelVersion>

    <parent>
        <groupId>io.quarkiverse.my-quarkiverse-ext</groupId>
        <artifactId>quarkus-my-quarkiverse-ext-parent</artifactId>
        <version>999-SNAPSHOT</version>
    </parent>
    <artifactId>quarkus-my-quarkiverse-ext-integration-tests</artifactId>
    <name>Quarkus My Quarkiverse extension - Integration Tests</name>

    <properties>
        <skipITs>true</skipITs>
    </properties>

    <dependencies>
        <dependency>
            <groupId>io.quarkus</groupId>
            <artifactId>quarkus-resteasy-reactive</artifactId>
        </dependency>
        <dependency>
            <groupId>io.quarkiverse.my-quarkiverse-ext</groupId>
            <artifactId>quarkus-my-quarkiverse-ext</artifactId>
            <version>${project.version}</version>
        </dependency>
        <dependency>
            <groupId>io.quarkus</groupId>
            <artifactId>quarkus-junit5</artifactId>
            <scope>test</scope>
        </dependency>
        <dependency>
            <groupId>io.rest-assured</groupId>
            <artifactId>rest-assured</artifactId>
            <scope>test</scope>
        </dependency>
        <dependency>
            <groupId>io.quarkus</groupId>
            <artifactId>quarkus-devtools-testing</artifactId>
            <scope>test</scope>
        </dependency>
    </dependencies>

    <build>
        <plugins>
            <plugin>
                <groupId>io.quarkus</groupId>
                <artifactId>quarkus-maven-plugin</artifactId>
                <executions>
                    <execution>
                        <goals>
                            <goal>build</goal>
                        </goals>
                    </execution>
                </executions>
            </plugin>
            <plugin>
                <artifactId>maven-failsafe-plugin</artifactId>
                <executions>
                    <execution>
                        <goals>
                            <goal>integration-test</goal>
                            <goal>verify</goal>
                        </goals>
                    </execution>
                </executions>
                <configuration>
                    <systemPropertyVariables>
                        <native.image.path>${project.build.directory}/${project.build.finalName}-runner</native.image.path>
                        <java.util.logging.manager>org.jboss.logmanager.LogManager</java.util.logging.manager>
                        <maven.home>${maven.home}</maven.home>
                    </systemPropertyVariables>
                </configuration>
            </plugin>
        </plugins>
    </build>

    <profiles>
        <profile>
            <id>native-image</id>
            <activation>
                <property>
                    <name>native</name>
                </property>
            </activation>
            <build>
                <plugins>
                    <plugin>
                        <artifactId>maven-surefire-plugin</artifactId>
                        <configuration>
                            <skipTests>${native.surefire.skip}</skipTests>
                        </configuration>
                    </plugin>
                </plugins>
            </build>
            <properties>
                <skipITs>false</skipITs>
                <quarkus.native.enabled>true</quarkus.native.enabled>
            </properties>
        </profile>
    </profiles>
</project>
