<?xml version="1.0" encoding="UTF-8"?>
<project xsi:schemaLocation="http://maven.apache.org/POM/4.0.0 https://maven.apache.org/xsd/maven-4.0.0.xsd" xmlns="http://maven.apache.org/POM/4.0.0"
    xmlns:xsi="http://www.w3.org/2001/XMLSchema-instance">
  <modelVersion>4.0.0</modelVersion>
  <parent>
    <groupId>io.quarkiverse.my-quarki-ext</groupId>
    <artifactId>quarkus-my-quarki-ext-parent</artifactId>
    <version>1.0.0-SNAPSHOT</version>
  </parent>
  <artifactId>quarkus-my-quarki-ext</artifactId>
  <name>Quarkus - My Quarki Ext - Runtime</name>
  <dependencies>
    <dependency>
      <groupId>io.quarkus</groupId>
      <artifactId>quarkus-arc</artifactId>
    </dependency>
  </dependencies>
  <build>
    <plugins>
      <plugin>
        <groupId>io.quarkus</groupId>
        <artifactId>quarkus-bootstrap-maven-plugin</artifactId>
        <version>${quarkus.version}</version>
        <executions>
          <execution>
            <phase>compile</phase>
            <goals>
              <goal>extension-descriptor</goal>
            </goals>
            <configuration>
              <deployment>${project.groupId}:${project.artifactId}-deployment:${project.version}</deployment>
            </configuration>
          </execution>
        </executions>
      </plugin>
      <plugin>
        <artifactId>maven-compiler-plugin</artifactId>
        <configuration>
          <annotationProcessorPaths>
            <path>
              <groupId>io.quarkus</groupId>
              <artifactId>quarkus-extension-processor</artifactId>
              <version>${quarkus.version}</version>
            </path>
          </annotationProcessorPaths>
        </configuration>
      </plugin>
    </plugins>
  </build>
</project>
