name: Quarkiverse Release

on:
  pull_request:
    types: [closed]
    paths:
      - '.github/project.yml'

concurrency:
  group: ${{ github.workflow }}-${{ github.ref }}
  cancel-in-progress: true

defaults:
  run:
    shell: bash

jobs:
  release:
    runs-on: ubuntu-latest
    name: release
    if: ${{github.event.pull_request.merged == true}}

    steps:
      - uses: radcortez/project-metadata-action@main
        name: Retrieve project metadata
        id: metadata
        with:
          github-token: ${{secrets.GITHUB_TOKEN}}
          metadata-file-path: '.github/project.yml'

      - uses: actions/checkout@v4

      - name: Set up JDK 17
        uses: actions/setup-java@v4
        with:
          distribution: temurin
          java-version: 17
          cache: 'maven'
          server-id: ossrh
          server-username: MAVEN_USERNAME
          server-password: MAVEN_PASSWORD
          gpg-private-key: ${{ secrets.GPG_PRIVATE_KEY }}
          gpg-passphrase: MAVEN_GPG_PASSPHRASE

      - name: Configure Git author
        run: |
          git config --local user.email "action@github.com"
          git config --local user.name "GitHub Action"

      - name: Update latest release version in docs
        run: |
          mvn -B -ntp -pl docs -am package -DskipTests -DskipITs -Denforcer.skip -Dformatter.skip -Dimpsort.skip
          if ! git diff --quiet docs/modules/ROOT/pages/includes; then
            git add docs/modules/ROOT/pages/includes
            git commit -m "Update the latest release version ${{steps.metadata.outputs.current-version}} in documentation"
          fi

      - name: Maven release ${{steps.metadata.outputs.current-version}}
        run: |
          mvn -B release:prepare -Prelease -DreleaseVersion=${{steps.metadata.outputs.current-version}} -DdevelopmentVersion=${{steps.metadata.outputs.next-version}}
          mvn -B release:perform -Darguments=-DperformRelease -DperformRelease -Prelease
        env:
          MAVEN_USERNAME: ${{ secrets.OSSRH_USERNAME }}
          MAVEN_PASSWORD: ${{ secrets.OSSRH_TOKEN }}
          MAVEN_GPG_PASSPHRASE: ${{ secrets.GPG_PASSPHRASE }}

      - name: Push changes to ${{github.base_ref}} branch
        run: |
          git push
          git push origin ${{steps.metadata.outputs.current-version}}
