<?xml version="1.0" encoding="UTF-8"?>
<project xmlns:xsi="http://www.w3.org/2001/XMLSchema-instance" xmlns="http://maven.apache.org/POM/4.0.0"
         xsi:schemaLocation="http://maven.apache.org/POM/4.0.0 https://maven.apache.org/xsd/maven-4.0.0.xsd">
    <modelVersion>4.0.0</modelVersion>
    <groupId>org.acme</groupId>
    <artifactId>grand-parent</artifactId>
    <version>0.1-SNAPSHOT</version>
    <packaging>pom</packaging>
    <properties>
        <quarkus.version>1.6.0.Final</quarkus.version>
        <rest-assured.version>3.3.0</rest-assured.version>
        <compiler-plugin.version>3.8.1</compiler-plugin.version>
    </properties>

    <modules>
        <module>integration-tests</module>
        <module>with-grand-parent</module>
    </modules>

    <dependencyManagement>
        <dependencies>
            <dependency>
                <groupId>io.quarkus</groupId>
                <artifactId>quarkus-bom</artifactId>
                <version>${quarkus.version}</version>
                <type>pom</type>
                <scope>import</scope>
            </dependency>
        </dependencies>
    </dependencyManagement>

    <build>
        <pluginManagement>
            <plugins>
                <plugin>
                    <artifactId>maven-compiler-plugin</artifactId>
                    <version>${compiler-plugin.version}</version>
                </plugin>
            </plugins>
        </pluginManagement>
    </build>
</project>
